INSERT INTO ao_zlib_bs8192 SELECT * FROM base_table;
