-- @Description Tests the AO segment file selection policy
-- 
DROP TABLE IF EXISTS ao;
DROP
CREATE TABLE ao (a INT) WITH (appendonly=true);
CREATE
1: INSERT INTO AO VALUES (1);
INSERT 1
1: INSERT INTO AO VALUES (1);
INSERT 1
1: INSERT INTO AO VALUES (1);
INSERT 1
1: INSERT INTO AO VALUES (1);
INSERT 1
1: INSERT INTO AO VALUES (1);
INSERT 1
1: INSERT INTO AO VALUES (1);
INSERT 1
1: INSERT INTO AO VALUES (1);
INSERT 1
1: INSERT INTO AO VALUES (1);
INSERT 1
1: INSERT INTO AO VALUES (1);
INSERT 1
1: INSERT INTO AO VALUES (1);
INSERT 1
1: INSERT INTO AO VALUES (1);
INSERT 1
1: INSERT INTO AO VALUES (1);
INSERT 1
1: INSERT INTO AO VALUES (1);
INSERT 1
1: INSERT INTO AO VALUES (1);
INSERT 1
1: INSERT INTO AO VALUES (1);
INSERT 1
1: INSERT INTO AO VALUES (1);
INSERT 1
1: INSERT INTO AO VALUES (1);
INSERT 1
1: INSERT INTO AO VALUES (1);
INSERT 1
1: INSERT INTO AO VALUES (1);
INSERT 1
1: INSERT INTO AO VALUES (1);
INSERT 1
1: INSERT INTO AO VALUES (1);
INSERT 1
1: INSERT INTO AO VALUES (1);
INSERT 1
1: INSERT INTO AO VALUES (1);
INSERT 1
1: INSERT INTO AO VALUES (1);
INSERT 1
1: INSERT INTO AO VALUES (1);
INSERT 1
1: INSERT INTO AO VALUES (1);
INSERT 1
1: INSERT INTO AO VALUES (1);
INSERT 1
1: INSERT INTO AO VALUES (1);
INSERT 1
1: INSERT INTO AO VALUES (1);
INSERT 1
1: INSERT INTO AO VALUES (1);
INSERT 1
1: INSERT INTO AO VALUES (1);
INSERT 1
1: INSERT INTO AO VALUES (1);
INSERT 1
1: INSERT INTO AO VALUES (1);
INSERT 1
1: INSERT INTO AO VALUES (1);
INSERT 1
1: INSERT INTO AO VALUES (1);
INSERT 1
1: INSERT INTO AO VALUES (1);
INSERT 1
1: INSERT INTO AO VALUES (1);
INSERT 1
1: INSERT INTO AO VALUES (1);
INSERT 1
1: INSERT INTO AO VALUES (1);
INSERT 1
1: INSERT INTO AO VALUES (1);
INSERT 1
1: INSERT INTO AO VALUES (1);
INSERT 1
1: INSERT INTO AO VALUES (1);
INSERT 1
1: INSERT INTO AO VALUES (1);
INSERT 1
1: INSERT INTO AO VALUES (1);
INSERT 1
1: INSERT INTO AO VALUES (1);
INSERT 1
1: INSERT INTO AO VALUES (1);
INSERT 1
1: INSERT INTO AO VALUES (1);
INSERT 1
1: INSERT INTO AO VALUES (1);
INSERT 1
1: INSERT INTO AO VALUES (1);
INSERT 1
1: INSERT INTO AO VALUES (1);
INSERT 1
1: INSERT INTO AO VALUES (1);
INSERT 1
1: INSERT INTO AO VALUES (1);
INSERT 1
1: INSERT INTO AO VALUES (1);
INSERT 1
1: INSERT INTO AO VALUES (1);
INSERT 1
1: INSERT INTO AO VALUES (1);
INSERT 1
1: INSERT INTO AO VALUES (1);
INSERT 1
1: INSERT INTO AO VALUES (1);
INSERT 1
1: INSERT INTO AO VALUES (1);
INSERT 1
1: INSERT INTO AO VALUES (1);
INSERT 1
1: INSERT INTO AO VALUES (1);
INSERT 1
1: INSERT INTO AO VALUES (1);
INSERT 1
1: INSERT INTO AO VALUES (1);
INSERT 1
1: INSERT INTO AO VALUES (1);
INSERT 1
1: INSERT INTO AO VALUES (1);
INSERT 1
1: INSERT INTO AO VALUES (1);
INSERT 1
1: INSERT INTO AO VALUES (1);
INSERT 1
1: INSERT INTO AO VALUES (1);
INSERT 1
1: INSERT INTO AO VALUES (1);
INSERT 1
1: INSERT INTO AO VALUES (1);
INSERT 1
1: INSERT INTO AO VALUES (1);
INSERT 1
1: INSERT INTO AO VALUES (1);
INSERT 1
1: INSERT INTO AO VALUES (1);
INSERT 1
1: INSERT INTO AO VALUES (1);
INSERT 1
1: INSERT INTO AO VALUES (1);
INSERT 1
1: INSERT INTO AO VALUES (1);
INSERT 1
1: INSERT INTO AO VALUES (1);
INSERT 1
1: INSERT INTO AO VALUES (1);
INSERT 1
1: INSERT INTO AO VALUES (1);
INSERT 1
1: INSERT INTO AO VALUES (1);
INSERT 1
1: INSERT INTO AO VALUES (1);
INSERT 1
1: INSERT INTO AO VALUES (1);
INSERT 1
1: INSERT INTO AO VALUES (1);
INSERT 1
1: INSERT INTO AO VALUES (1);
INSERT 1
1: INSERT INTO AO VALUES (1);
INSERT 1
1: INSERT INTO AO VALUES (1);
INSERT 1
1: INSERT INTO AO VALUES (1);
INSERT 1
1: INSERT INTO AO VALUES (1);
INSERT 1
1: INSERT INTO AO VALUES (1);
INSERT 1
1: INSERT INTO AO VALUES (1);
INSERT 1
1: INSERT INTO AO VALUES (1);
INSERT 1
1: INSERT INTO AO VALUES (1);
INSERT 1
1: INSERT INTO AO VALUES (1);
INSERT 1
1: INSERT INTO AO VALUES (1);
INSERT 1
1: INSERT INTO AO VALUES (1);
INSERT 1
1: INSERT INTO AO VALUES (1);
INSERT 1
1: INSERT INTO AO VALUES (1);
INSERT 1
1: INSERT INTO AO VALUES (1);
INSERT 1
1: INSERT INTO AO VALUES (1);
INSERT 1
1: INSERT INTO AO VALUES (1);
INSERT 1
1: INSERT INTO AO VALUES (1);
INSERT 1
1: INSERT INTO AO VALUES (1);
INSERT 1
1: INSERT INTO AO VALUES (1);
INSERT 1
1: INSERT INTO AO VALUES (1);
INSERT 1
1: INSERT INTO AO VALUES (1);
INSERT 1
1: INSERT INTO AO VALUES (1);
INSERT 1
1: INSERT INTO AO VALUES (1);
INSERT 1
1: INSERT INTO AO VALUES (1);
INSERT 1
1: INSERT INTO AO VALUES (1);
INSERT 1
1: INSERT INTO AO VALUES (1);
INSERT 1
1: INSERT INTO AO VALUES (1);
INSERT 1
1: INSERT INTO AO VALUES (1);
INSERT 1
1: INSERT INTO AO VALUES (1);
INSERT 1
1: INSERT INTO AO VALUES (1);
INSERT 1
1: INSERT INTO AO VALUES (1);
INSERT 1
1: INSERT INTO AO VALUES (1);
INSERT 1
1: INSERT INTO AO VALUES (1);
INSERT 1
1: INSERT INTO AO VALUES (1);
INSERT 1
1: INSERT INTO AO VALUES (1);
INSERT 1
1: INSERT INTO AO VALUES (1);
INSERT 1
1: INSERT INTO AO VALUES (1);
INSERT 1
1: INSERT INTO AO VALUES (1);
INSERT 1
1: INSERT INTO AO VALUES (1);
INSERT 1
1: INSERT INTO AO VALUES (1);
INSERT 1
1: INSERT INTO AO VALUES (1);
INSERT 1
1: INSERT INTO AO VALUES (1);
INSERT 1
1: INSERT INTO AO VALUES (1);
INSERT 1

-- Actual test begins
1: INSERT INTO AO VALUES (1);
INSERT 1
2U: SELECT segno, tupcount FROM gp_toolkit.__gp_aoseg_name('ao');
segno|tupcount
-----+--------
1    |127     
(1 row)
1: INSERT INTO AO VALUES (2);
INSERT 1
2U: SELECT segno, tupcount FROM gp_toolkit.__gp_aoseg_name('ao');
segno|tupcount
-----+--------
1    |127     
(1 row)
1: BEGIN;
BEGIN
1: INSERT INTO AO VALUES (2);
INSERT 1
2: BEGIN;
BEGIN
2: INSERT INTO AO VALUES (2);
INSERT 1
1: COMMIT;
COMMIT
2: COMMIT;
COMMIT
2U: SELECT segno, tupcount FROM gp_toolkit.__gp_aoseg_name('ao');
segno|tupcount
-----+--------
1    |127     
(1 row)
1: insert into ao select generate_series(1,100000);
INSERT 100000
1: INSERT INTO AO VALUES (2);
INSERT 1
2U: SELECT segno, tupcount FROM gp_toolkit.__gp_aoseg_name('ao');
segno|tupcount
-----+--------
1    |50128   
(1 row)
