alter system set autovacuum = off;
select * from pg_reload_conf();
 pg_reload_conf 
----------------
 t
(1 row)

