SELECT 1 FROM lagview1;
 ?column? 
----------
 1        
(1 row)
SELECT 1 FROM leadview1;
 ?column? 
----------
 1        
(1 row)
