SHOW server_version;
 server_version 
----------------
 9.4.24         
(1 row)

SELECT * FROM users;
 id | name 
----+------
 1  | Jane 
 2  | John 
 3  | Joe  
(3 rows)
