------------------------------------------------------------------
-- PXF read test
------------------------------------------------------------------
SELECT * from pxf_read_test order by a;
 a |       b       
---+---------------
 0 | hello world 0
 1 | hello world 1
 2 | hello world 2
(3 rows)

