show gp_resource_manager;
 gp_resource_manager 
---------------------
 group
(1 row)

select * from pg_resgroup
  order by oid;
    rsgname    | parent 
---------------+--------
 default_group |      0
 admin_group   |      0
 rg2           |      0
 rg1           |      0
(4 rows)

select min(reslimittype)
  from pg_resgroupcapability
  group by resgroupid
  order by resgroupid;
 min 
-----
   1
   1
   1
   1
(4 rows)

select groupname from gp_toolkit.gp_resgroup_config
  order by groupid;
   groupname   
---------------
 default_group
 admin_group
 rg2
 rg1
(4 rows)

select rsgname from gp_toolkit.gp_resgroup_status
  order by groupid;
    rsgname    
---------------
 default_group
 admin_group
 rg2
 rg1
(4 rows)

alter resource group rg1 set memory_limit 20;
alter resource group rg1 set memory_limit 10;
drop resource group rg1;
create resource group rg1 with (cpu_rate_limit=10, memory_limit=10);
alter resource group rg2 set memory_limit 20;
alter resource group rg2 set memory_limit 10;
-- TODO: change to the resgroup
